laser0   1256 246 8   N
laser1   1255 246 8   N
laser2   1255 246 8   N
laser4   1255 246 8   N
laser5   1255 246 8   N
freezer  1255 246 8   N
frozen    255 246 8   N
spark    1255 246 4   N
plasma   1255 246 8   N
explode  1255 255 250 N
explode2 1255 255 250 N
smalhit  2255 236 64  N
doppler     1 255 16  Y
space1      1 255 255 Y
space2      1 255 255 Y
space3      1 255 255 Y
flag_st  1255 255 65  Y
bridge1     0 255 248 Y
bridge2     0 255 248 Y
sfx19       0 255 248 Y
bonus       0 200 250 Y
turbo       0 255 252 Y
bloup       0 255 254 Y
door        0 255 254 Y
rocket      0 255 8   N
warp        0 255 64  N
vulcain     0 255 8   N
impak0      0 255 32  N
alarm       0 255 254 Y
ambient1    0 255 254 Y
shield      0 255 254 Y
message     0 255 254 N
select      0 255 254 N
incoming    0 255 254 N
*               0   0   0 N
@sample/modulation/volume/priority/surround
