menu01.WAV  1000 256 253 N N
menu02.WAV  1000 256 253 N N
menu03.WAV  1000 256 253 N N
menu04.WAV  1000 256 253 N N
menu05.WAV  1000 256 253 N N
menu06.WAV  1000 256 253 N N
menu07.WAV  1000 256 253 N N
menu08.WAV  1000 256 253 N N
menu09.WAV  1000 256 253 N N
menu10.WAV  1000 256 253 N N
menu11.WAV  1000 256 253 N N
menu12.WAV  1000 256 253 N N
com01.WAV   1000 256 253 Y N
com02.WAV   1000 256 253 Y N
com03.WAV   1000 256 253 Y N
com04.WAV   1000 256 253 Y N
com05.WAV   1000 256 253 Y N
com06.WAV   1000 256 253 Y N
com07.WAV   1000 256 253 Y N
com08.WAV   1000 256 253 Y N
rep01.WAV   1000 256 253 N Y
rep02.WAV   1000 256 253 N Y
rep03.WAV   1000 256 253 N Y
rep04.WAV   1000 256 253 N Y
ins01.WAV   1000 256 253 Y Y
ins02.WAV   1000 256 253 Y Y
ins04.WAV   1000 256 253 Y Y
ins05.WAV   1000 256 253 Y Y
ins06.WAV   1000 256 253 Y Y
mes01.WAV   1000 256 253 N Y
mes02.WAV   1000 256 253 N Y
mes03.WAV   1000 256 253 N Y
mes04.WAV   1000 256 253 N Y
mes05.WAV   1000 256 253 N Y
mes06.WAV   1000 256 253 N Y
mes07.WAV   1000 256 253 N Y
mes08.WAV   1000 256 253 Y Y
mes09.WAV   1000 256 253 Y Y
*              0   0   0 N Y
@sample/modulation/volume/priority/surround/Required(for8Mbmode)








